// Jest Snapshot v1, https://goo.gl/fbAQLP

exports[`<NavigationHeader /> matches verified SnapShot should match snapshot 1`] = `
<div
  className="makeStyles-navHeader-20"
>
  <div
    className="makeStyles-title-21"
  />
  <div
    className="makeStyles-cogWheel-22"
  >
    <img
      src="cogwheel.svg"
    />
    <div
      className="MuiAvatar-root MuiAvatar-circle MuiAvatar-colorDefault"
    >
      <svg
        aria-hidden="true"
        className="MuiSvgIcon-root MuiAvatar-fallback"
        focusable="false"
        role="presentation"
        viewBox="0 0 24 24"
      >
        <path
          d="M12 12c2.21 0 4-1.79 4-4s-1.79-4-4-4-4 1.79-4 4 1.79 4 4 4zm0 2c-2.67 0-8 1.34-8 4v2h16v-2c0-2.66-5.33-4-8-4z"
        />
      </svg>
    </div>
  </div>
</div>
`;
